<html>
<body>
<pre>
<h1>µVision Build Log</h1>
<h2>Tool Versions:</h2>
IDE-Version: µVision V5.15
Copyright (C) 2015 ARM Ltd and ARM Germany GmbH. All rights reserved.
License Information: Edwin Lam, IE, LIC=----
 
Tool Versions:
Toolchain:       MDK-Lite  Version: 5.15.0
Toolchain Path:  C:\Keil_v5\ARM\ARMCC\Bin
C Compiler:      Armcc.exe V5.05 update 2 (build 169)
Assembler:       Armasm.exe V5.05 update 2 (build 169)
Linker/Locator:  ArmLink.exe V5.05 update 2 (build 169)
Library Manager: ArmAr.exe V5.05 update 2 (build 169)
Hex Converter:   FromElf.exe V5.05 update 2 (build 169)
CPU DLL:         SARMCM3.DLL V5.15.0
Dialog DLL:      DCM.DLL V1.13.2.0
Target DLL:      UL2CM3.DLL V1.155.8.0
Dialog DLL:      TCM.DLL V1.14.5.0
 
<h2>Project:</h2>
C:\Users\yl18\Desktop\3810\miniproject\miniproject\st12345.uvprojx
Project File Date:  11/20/2025

<h2>Output:</h2>
*** Using Compiler 'V5.05 update 2 (build 169)', folder: 'C:\Keil_v5\ARM\ARMCC\Bin'
Build target 'project'
compiling IERG3810_Buzzer.c...
compiling IERG3810_KEY.c...
compiling IERG3810_LED.c...
compiling project.c...
linking...
.\Objects\project.axf: Warning: L6304W: Duplicate input file .\objects\ierg3810_buzzer_1.o ignored.
.\Objects\project.axf: Warning: L6304W: Duplicate input file .\objects\ierg3810_key_1.o ignored.
.\Objects\project.axf: Warning: L6304W: Duplicate input file .\objects\ierg3810_led_1.o ignored.
Program Size: Code=10026 RO-data=2046 RW-data=60 ZI-data=2508  
Finished: 0 information, 3 warning and 0 error messages.
FromELF: creating hex file...
".\Objects\project.axf" - 0 Error(s), 3 Warning(s).

<h2>Collection of Component include folders:</h2>
  C:\Users\yl18\Desktop\3810\miniproject\miniproject\RTE
  C:\Keil_v5\ARM\PACK\Keil\STM32F1xx_DFP\2.4.0\Device\Include

<h2>Collection of Component Files used:</h2>
</pre>
</body>
</html>
